[TS 0] Counter 0 open.
[TS 0] Counter 1 open.
[TS 1] Client 1 assigned to counter 0, processing will take 3.
[TS 1] Client 2 assigned to counter 1, processing will take 5.
All clients have been assigned to a counter!
[TS 4] Client 1 has finished processing. Total wait time: 3. Payment: 3.00€.
[TS 6] Client 2 has finished processing. Total wait time: 5. Payment: 5.00€.
All clients have been processed!
Total sales: 8.00€.
